// Jest Snapshot v1, https://goo.gl/fbAQLP

exports[`Movie component should match snapshot 1`] = `
<div>
  <div
    className="movies"
  />
  <p
    className="no-movies"
  >
    No more movies, if your movie is not in the list try another search
  </p>
</div>
`;
